// Jest Snapshot v1, https://goo.gl/fbAQLP

exports[`Card that it matches the existing snapshot of Card 1`] = `
<DocumentFragment>
  <div
    class="card"
  >
    new card for test
    <button>
      Delete
    </button>
  </div>
</DocumentFragment>
`;
